../Core/Src/fatfs_sd.c:74:13:SPI_TxByte	16	static
../Core/Src/fatfs_sd.c:62:13:SELECT	8	static
../Core/Src/fatfs_sd.c:68:13:DESELECT	8	static
../Core/Src/fatfs_sd.c:81:16:SPI_RxByte	24	static
../Core/Src/fatfs_sd.c:119:13:SD_PowerOn	24	static
../Core/Src/fatfs_sd.c:100:16:SD_ReadyWait	8	static
../Core/Src/fatfs_sd.c:258:13:SD_SendCmd	16	static
../Core/Src/fatfs_sd.c:207:13:SD_TxDataBlock	16	static
../Core/Src/fatfs_sd.c:175:13:SD_RxDataBlock	16	static
../Core/Src/fatfs_sd.c:304:9:SD_disk_initialize	32	static
../Core/Src/fatfs_sd.c:407:9:SD_disk_status	0	static
../Core/Src/fatfs_sd.c:416:9:SD_disk_read	16	static
../Core/Src/fatfs_sd.c:460:9:SD_disk_write	16	static
../Core/Src/fatfs_sd.c:515:9:SD_disk_ioctl	32	static
