../Core/Src/fatfs_sd.c:38:13:SPI_TxByte	24	static
../Core/Src/fatfs_sd.c:28:13:SELECT	8	static
../Core/Src/fatfs_sd.c:33:13:DESELECT	8	static
../Core/Src/fatfs_sd.c:46:16:SPI_RxByte	32	static
../Core/Src/fatfs_sd.c:81:13:SD_PowerOn	24	static
../Core/Src/fatfs_sd.c:70:16:SD_ReadyWait	8	static
../Core/Src/fatfs_sd.c:196:13:SD_SendCmd	16	static
../Core/Src/fatfs_sd.c:154:13:SD_TxDataBlock	16	static
../Core/Src/fatfs_sd.c:128:13:SD_RxDataBlock	16	static
../Core/Src/fatfs_sd.c:233:9:SD_disk_initialize	32	static
../Core/Src/fatfs_sd.c:296:9:SD_disk_status	0	static
../Core/Src/fatfs_sd.c:303:9:SD_disk_read	16	static
../Core/Src/fatfs_sd.c:336:9:SD_disk_write	16	static
../Core/Src/fatfs_sd.c:376:9:SD_disk_ioctl	32	static
