../Core/Src/File_Handling_RTOS.c:31:6:Send_Uart	0	static
../Core/Src/File_Handling_RTOS.c:38:6:Mount_SD	8	static
../Core/Src/File_Handling_RTOS.c:45:6:Unmount_SD	8	static
../Core/Src/File_Handling_RTOS.c:53:9:Scan_SD	72	static
../Core/Src/File_Handling_RTOS.c:99:9:Quick_Erase_SD	72	static
../Core/Src/File_Handling_RTOS.c:133:9:Format_SD	24	static
../Core/Src/File_Handling_RTOS.c:151:9:Write_File	16	static
../Core/Src/File_Handling_RTOS.c:210:9:Read_File	16	static
../Core/Src/File_Handling_RTOS.c:277:9:Create_File	16	static
../Core/Src/File_Handling_RTOS.c:326:9:Update_File	16	static
../Core/Src/File_Handling_RTOS.c:390:9:Remove_File	16	static
../Core/Src/File_Handling_RTOS.c:425:9:Create_Dir	16	static
../Core/Src/File_Handling_RTOS.c:445:6:Check_SD_Space	24	static
