../Core/Src/hmi.c:41:9:calculate_battery_percent	8	static
../Core/Src/hmi.c:64:9:HMI_safe_update_screen	8	static
../Core/Src/hmi.c:74:6:HMI_display_overview	56	static
../Core/Src/hmi.c:116:6:HMI_display_menu	72	static
../Core/Src/hmi.c:151:6:HMI_display_lora	32	static
../Core/Src/hmi.c:174:6:HMI_display_sensors	56	static
../Core/Src/hmi.c:212:6:HMI_display_battery	88	static
../Core/Src/hmi.c:260:6:HMI_toggle_lora	24	static
../Core/Src/hmi.c:285:6:HMI_exit_config_mode	24	static
../Core/Src/hmi.c:320:6:HMI_handle_button	24	static
../Core/Src/hmi.c:415:6:HMI_display_recalib	24	static
../Core/Src/hmi.c:426:6:HMI_display_recalib_progress	48	static
../Core/Src/hmi.c:449:6:HMI_display_recalib_done	64	static
../Core/Src/hmi.c:480:6:HMI_display_format_sd	24	static
