../Core/Src/hmi.c:39:9:calculate_battery_percent	8	static
../Core/Src/hmi.c:63:9:hmi_safe_update_screen	8	static
../Core/Src/hmi.c:75:9:HMI_safe_update_screen	8	static
../Core/Src/hmi.c:85:6:HMI_display_overview	56	static
../Core/Src/hmi.c:136:6:HMI_display_menu	56	static
../Core/Src/hmi.c:168:6:HMI_display_lora	24	static
../Core/Src/hmi.c:204:6:HMI_display_sensors	56	static
../Core/Src/hmi.c:243:6:HMI_display_battery	88	static
../Core/Src/hmi.c:290:6:HMI_toggle_lora	24	static
../Core/Src/hmi.c:321:6:HMI_exit_config_mode	24	static
../Core/Src/hmi.c:353:6:HMI_handle_button	32	static
