../Core/Src/main.c:1467:6:startTaskSensors	104	static
../Core/Src/main.c:1949:6:startTaskHMI	128	static
../Core/Src/main.c:965:13:MX_USART3_UART_Init	8	static,ignoring_inline_asm
../Core/Src/main.c:1226:6:startTaskFSM	336	static
../Core/Src/main.c:650:13:MX_I2C3_Init	8	static,ignoring_inline_asm
../Core/Src/main.c:602:13:MX_I2C1_Init	8	static,ignoring_inline_asm
../Core/Src/main.c:217:5:_write	8	static
../Core/Src/main.c:488:6:SystemClock_Config	88	static,ignoring_inline_asm
../Core/Src/main.c:231:5:main	504	static,ignoring_inline_asm
../Core/Src/main.c:1107:6:HAL_GPIO_EXTI_Callback	16	static,ignoring_inline_asm
../Core/Src/main.c:1127:6:HAL_I2C_MemRxCpltCallback	8	static
../Core/Src/main.c:1141:6:HAL_I2C_ErrorCallback	8	static
../Core/Src/main.c:1159:6:float_to_str	48	static
../Core/Src/main.c:1860:6:startTaskLoRa	472	static
../Core/Src/main.c:1205:6:HAL_UART_ErrorCallback	8	static
../Core/Src/main.c:1606:9:is_sd_inserted	8	static
../Core/Src/main.c:1610:6:startTaskSDCard	800	static
../Core/Src/main.c:2187:6:HAL_TIM_PeriodElapsedCallback	8	static
../Core/Src/main.c:2210:6:Error_Handler	0	static,ignoring_inline_asm
