../Core/Src/main.c:2211:6:startTaskHMI	112	static
../Core/Src/main.c:989:13:MX_USART3_UART_Init	8	static,ignoring_inline_asm
../Core/Src/main.c:1294:6:startTaskFSM	320	static
../Core/Src/main.c:674:13:MX_I2C3_Init	8	static,ignoring_inline_asm
../Core/Src/main.c:626:13:MX_I2C1_Init	8	static,ignoring_inline_asm
../Core/Src/main.c:1623:6:startTaskSensors	104	static
../Core/Src/main.c:239:5:_write	8	static
../Core/Src/main.c:512:6:SystemClock_Config	88	static,ignoring_inline_asm
../Core/Src/main.c:253:5:main	504	static,ignoring_inline_asm
../Core/Src/main.c:1131:6:HAL_GPIO_EXTI_Callback	16	static,ignoring_inline_asm
../Core/Src/main.c:1151:6:HAL_I2C_MemRxCpltCallback	8	static
../Core/Src/main.c:1165:6:HAL_I2C_ErrorCallback	8	static
../Core/Src/main.c:1227:6:float_to_str	48	static
../Core/Src/main.c:2122:6:startTaskLoRa	472	static
../Core/Src/main.c:1273:6:HAL_UART_ErrorCallback	8	static
../Core/Src/main.c:1787:9:is_sd_inserted	8	static
../Core/Src/main.c:1791:6:startTaskSDCard	808	static
../Core/Src/main.c:2479:6:HAL_TIM_PeriodElapsedCallback	8	static
../Core/Src/main.c:2502:6:Error_Handler	0	static,ignoring_inline_asm
