../Core/Src/main.c:1453:6:startTaskSensors	96	static
../Core/Src/main.c:2091:6:startTaskHMI	88	static
../Core/Src/main.c:961:13:MX_USART3_UART_Init	8	static,ignoring_inline_asm
../Core/Src/main.c:195:5:_write	8	static
../Core/Src/main.c:484:6:SystemClock_Config	88	static,ignoring_inline_asm
../Core/Src/main.c:206:5:main	984	static,ignoring_inline_asm
../Core/Src/main.c:1109:6:HAL_GPIO_EXTI_Callback	16	static,ignoring_inline_asm
../Core/Src/main.c:1136:6:HAL_I2C_MemRxCpltCallback	8	static
../Core/Src/main.c:1156:6:float_to_str	48	static
../Core/Src/main.c:1963:6:startTaskLoRa	456	static
../Core/Src/main.c:1232:6:startTaskFSM	352	static
../Core/Src/main.c:1210:6:HAL_UART_ErrorCallback	8	static
../Core/Src/main.c:1680:9:is_sd_inserted	8	static
../Core/Src/main.c:1684:6:startTaskSDCard	720	static
../Core/Src/main.c:2272:6:HAL_TIM_PeriodElapsedCallback	8	static
../Core/Src/main.c:2295:6:Error_Handler	0	static,ignoring_inline_asm
