../Core/Src/main.c:1216:6:startTaskFSM	29
../Core/Src/main.c:1398:6:startTaskSensors	12
../Core/Src/main.c:2036:6:startTaskHMI	16
../Core/Src/main.c:190:5:_write	1
../Core/Src/main.c:481:6:SystemClock_Config	3
../Core/Src/main.c:201:5:main	40
../Core/Src/main.c:1103:6:HAL_GPIO_EXTI_Callback	5
../Core/Src/main.c:1122:6:HAL_I2C_MemRxCpltCallback	2
../Core/Src/main.c:1144:6:float_to_str	9
../Core/Src/main.c:1908:6:startTaskLoRa	5
../Core/Src/main.c:1625:9:is_sd_inserted	1
../Core/Src/main.c:1629:6:startTaskSDCard	27
../Core/Src/main.c:2205:6:HAL_TIM_PeriodElapsedCallback	3
../Core/Src/main.c:2228:6:Error_Handler	1
