../Core/Src/main.c:1211:6:startTaskFSM	328	static
../Core/Src/main.c:1394:6:startTaskSensors	96	static
../Core/Src/main.c:1988:6:startTaskHMI	40	static
../Core/Src/main.c:184:5:_write	8	static
../Core/Src/main.c:476:6:SystemClock_Config	88	static,ignoring_inline_asm
../Core/Src/main.c:195:5:main	984	static,ignoring_inline_asm
../Core/Src/main.c:1098:6:HAL_GPIO_EXTI_Callback	16	static,ignoring_inline_asm
../Core/Src/main.c:1117:6:HAL_I2C_MemRxCpltCallback	8	static
../Core/Src/main.c:1139:6:float_to_str	48	static
../Core/Src/main.c:1860:6:startTaskLoRa	448	static
../Core/Src/main.c:1621:9:is_sd_inserted	8	static
../Core/Src/main.c:1625:6:startTaskSDCard	672	static
../Core/Src/main.c:2078:6:HAL_TIM_PeriodElapsedCallback	8	static
../Core/Src/main.c:2101:6:Error_Handler	0	static,ignoring_inline_asm
