../Core/Src/main.c:162:5:_write	24	static
../Core/Src/main.c:173:5:main	928	static
../Core/Src/main.c:434:6:SystemClock_Config	88	static
../Core/Src/main.c:480:13:MX_ADC1_Init	56	static
../Core/Src/main.c:548:13:MX_I2C1_Init	8	static
../Core/Src/main.c:596:13:MX_I2C3_Init	8	static
../Core/Src/main.c:644:13:MX_SPI1_Init	8	static
../Core/Src/main.c:684:13:MX_SPI2_Init	8	static
../Core/Src/main.c:724:13:MX_TIM1_Init	40	static
../Core/Src/main.c:771:13:MX_TIM3_Init	64	static
../Core/Src/main.c:830:13:MX_USART1_UART_Init	8	static
../Core/Src/main.c:878:13:MX_USART3_UART_Init	8	static
../Core/Src/main.c:924:13:MX_DMA_Init	16	static
../Core/Src/main.c:946:13:MX_GPIO_Init	48	static
../Core/Src/main.c:997:6:HAL_UART_RxCpltCallback	16	static
../Core/Src/main.c:1018:6:startTaskFSM	328	static
../Core/Src/main.c:1237:6:startTaskSensors	488	static
../Core/Src/main.c:1418:9:is_sd_inserted	8	static
../Core/Src/main.c:1422:6:startTaskSDCard	864	static
../Core/Src/main.c:1517:6:startTaskLoRa	656	static
../Core/Src/main.c:1608:6:HAL_TIM_PeriodElapsedCallback	16	static
../Core/Src/main.c:1631:6:Error_Handler	4	static,ignoring_inline_asm
