../Core/Src/main.c:1567:6:startTaskSensors	104	static
../Core/Src/main.c:2120:6:startTaskHMI	112	static
../Core/Src/main.c:982:13:MX_USART3_UART_Init	8	static,ignoring_inline_asm
../Core/Src/main.c:1243:6:startTaskFSM	320	static
../Core/Src/main.c:667:13:MX_I2C3_Init	8	static,ignoring_inline_asm
../Core/Src/main.c:619:13:MX_I2C1_Init	8	static,ignoring_inline_asm
../Core/Src/main.c:234:5:_write	8	static
../Core/Src/main.c:505:6:SystemClock_Config	88	static,ignoring_inline_asm
../Core/Src/main.c:248:5:main	504	static,ignoring_inline_asm
../Core/Src/main.c:1124:6:HAL_GPIO_EXTI_Callback	16	static,ignoring_inline_asm
../Core/Src/main.c:1144:6:HAL_I2C_MemRxCpltCallback	8	static
../Core/Src/main.c:1158:6:HAL_I2C_ErrorCallback	8	static
../Core/Src/main.c:1176:6:float_to_str	48	static
../Core/Src/main.c:2031:6:startTaskLoRa	472	static
../Core/Src/main.c:1222:6:HAL_UART_ErrorCallback	8	static
../Core/Src/main.c:1706:9:is_sd_inserted	8	static
../Core/Src/main.c:1710:6:startTaskSDCard	800	static
../Core/Src/main.c:2388:6:HAL_TIM_PeriodElapsedCallback	8	static
../Core/Src/main.c:2411:6:Error_Handler	0	static,ignoring_inline_asm
