../Core/Src/main.c:1574:6:startTaskSensors	15
../Core/Src/main.c:2133:6:startTaskHMI	26
../Core/Src/main.c:984:13:MX_USART3_UART_Init	5
../Core/Src/main.c:1245:6:startTaskFSM	55
../Core/Src/main.c:669:13:MX_I2C3_Init	4
../Core/Src/main.c:621:13:MX_I2C1_Init	4
../Core/Src/main.c:234:5:_write	1
../Core/Src/main.c:507:6:SystemClock_Config	3
../Core/Src/main.c:248:5:main	42
../Core/Src/main.c:1126:6:HAL_GPIO_EXTI_Callback	5
../Core/Src/main.c:1146:6:HAL_I2C_MemRxCpltCallback	2
../Core/Src/main.c:1160:6:HAL_I2C_ErrorCallback	3
../Core/Src/main.c:1178:6:float_to_str	9
../Core/Src/main.c:2044:6:startTaskLoRa	5
../Core/Src/main.c:1224:6:HAL_UART_ErrorCallback	3
../Core/Src/main.c:1714:9:is_sd_inserted	1
../Core/Src/main.c:1718:6:startTaskSDCard	47
../Core/Src/main.c:2401:6:HAL_TIM_PeriodElapsedCallback	3
../Core/Src/main.c:2424:6:Error_Handler	1
