../Core/Src/main.c:1214:6:startTaskFSM	328	static
../Core/Src/main.c:1396:6:startTaskSensors	96	static
../Core/Src/main.c:2034:6:startTaskHMI	96	static
../Core/Src/main.c:190:5:_write	8	static
../Core/Src/main.c:482:6:SystemClock_Config	88	static,ignoring_inline_asm
../Core/Src/main.c:201:5:main	984	static,ignoring_inline_asm
../Core/Src/main.c:1104:6:HAL_GPIO_EXTI_Callback	16	static,ignoring_inline_asm
../Core/Src/main.c:1123:6:HAL_I2C_MemRxCpltCallback	8	static
../Core/Src/main.c:1142:6:float_to_str	48	static
../Core/Src/main.c:1906:6:startTaskLoRa	456	static
../Core/Src/main.c:1623:9:is_sd_inserted	8	static
../Core/Src/main.c:1627:6:startTaskSDCard	720	static
../Core/Src/main.c:2203:6:HAL_TIM_PeriodElapsedCallback	8	static
../Core/Src/main.c:2226:6:Error_Handler	0	static,ignoring_inline_asm
