../Core/Src/main.c:1455:6:startTaskSensors	96	static
../Core/Src/main.c:2093:6:startTaskHMI	88	static
../Core/Src/main.c:962:13:MX_USART3_UART_Init	8	static,ignoring_inline_asm
../Core/Src/main.c:195:5:_write	8	static
../Core/Src/main.c:485:6:SystemClock_Config	88	static,ignoring_inline_asm
../Core/Src/main.c:206:5:main	984	static,ignoring_inline_asm
../Core/Src/main.c:1110:6:HAL_GPIO_EXTI_Callback	16	static,ignoring_inline_asm
../Core/Src/main.c:1137:6:HAL_I2C_MemRxCpltCallback	8	static
../Core/Src/main.c:1157:6:float_to_str	48	static
../Core/Src/main.c:1965:6:startTaskLoRa	456	static
../Core/Src/main.c:1233:6:startTaskFSM	352	static
../Core/Src/main.c:1211:6:HAL_UART_ErrorCallback	8	static
../Core/Src/main.c:1682:9:is_sd_inserted	8	static
../Core/Src/main.c:1686:6:startTaskSDCard	720	static
../Core/Src/main.c:2274:6:HAL_TIM_PeriodElapsedCallback	8	static
../Core/Src/main.c:2297:6:Error_Handler	0	static,ignoring_inline_asm
