../Core/Src/main.c:161:5:_write	24	static
../Core/Src/main.c:172:5:main	928	static
../Core/Src/main.c:433:6:SystemClock_Config	88	static
../Core/Src/main.c:479:13:MX_ADC1_Init	56	static
../Core/Src/main.c:547:13:MX_I2C1_Init	8	static
../Core/Src/main.c:595:13:MX_I2C3_Init	8	static
../Core/Src/main.c:643:13:MX_SPI1_Init	8	static
../Core/Src/main.c:683:13:MX_SPI2_Init	8	static
../Core/Src/main.c:723:13:MX_TIM1_Init	40	static
../Core/Src/main.c:770:13:MX_TIM3_Init	64	static
../Core/Src/main.c:829:13:MX_USART1_UART_Init	8	static
../Core/Src/main.c:877:13:MX_USART3_UART_Init	8	static
../Core/Src/main.c:923:13:MX_DMA_Init	16	static
../Core/Src/main.c:945:13:MX_GPIO_Init	48	static
../Core/Src/main.c:996:6:HAL_UART_RxCpltCallback	16	static
../Core/Src/main.c:1017:6:startTaskFSM	328	static
../Core/Src/main.c:1233:6:startTaskSensors	480	static
../Core/Src/main.c:1402:9:is_sd_inserted	8	static
../Core/Src/main.c:1406:6:startTaskSDCard	840	static
../Core/Src/main.c:1501:6:startTaskLoRa	656	static
../Core/Src/main.c:1600:6:HAL_TIM_PeriodElapsedCallback	16	static
../Core/Src/main.c:1623:6:Error_Handler	4	static,ignoring_inline_asm
