../Core/Src/main.c:1217:6:startTaskFSM	328	static
../Core/Src/main.c:1399:6:startTaskSensors	96	static
../Core/Src/main.c:2037:6:startTaskHMI	96	static
../Core/Src/main.c:190:5:_write	8	static
../Core/Src/main.c:482:6:SystemClock_Config	88	static,ignoring_inline_asm
../Core/Src/main.c:201:5:main	984	static,ignoring_inline_asm
../Core/Src/main.c:1104:6:HAL_GPIO_EXTI_Callback	16	static,ignoring_inline_asm
../Core/Src/main.c:1123:6:HAL_I2C_MemRxCpltCallback	8	static
../Core/Src/main.c:1145:6:float_to_str	48	static
../Core/Src/main.c:1909:6:startTaskLoRa	448	static
../Core/Src/main.c:1626:9:is_sd_inserted	8	static
../Core/Src/main.c:1630:6:startTaskSDCard	712	static
../Core/Src/main.c:2206:6:HAL_TIM_PeriodElapsedCallback	8	static
../Core/Src/main.c:2229:6:Error_Handler	0	static,ignoring_inline_asm
