../Core/Src/main.c:1474:6:startTaskSensors	104	static
../Core/Src/main.c:2139:6:startTaskHMI	88	static
../Core/Src/main.c:967:13:MX_USART3_UART_Init	8	static,ignoring_inline_asm
../Core/Src/main.c:202:5:_write	8	static
../Core/Src/main.c:490:6:SystemClock_Config	88	static,ignoring_inline_asm
../Core/Src/main.c:213:5:main	984	static,ignoring_inline_asm
../Core/Src/main.c:1106:6:HAL_GPIO_EXTI_Callback	16	static,ignoring_inline_asm
../Core/Src/main.c:1126:6:HAL_I2C_MemRxCpltCallback	8	static
../Core/Src/main.c:1146:6:float_to_str	48	static
../Core/Src/main.c:2010:6:startTaskLoRa	456	static
../Core/Src/main.c:1222:6:startTaskFSM	384	static
../Core/Src/main.c:1200:6:HAL_UART_ErrorCallback	8	static
../Core/Src/main.c:1717:9:is_sd_inserted	8	static
../Core/Src/main.c:1721:6:startTaskSDCard	736	static
../Core/Src/main.c:2330:6:HAL_TIM_PeriodElapsedCallback	8	static
../Core/Src/main.c:2353:6:Error_Handler	0	static,ignoring_inline_asm
